Watching for file changes with StatReloader
Performing system checks...

System check identified no issues (0 silenced).
February 27, 2026 - 21:46:19
Django version 4.2, using settings 'config.settings'
Starting development server at http://0.0.0.0:8000/
Quit the server with CONTROL-C.

Unauthorized: /api/auth/logout/
[27/Feb/2026 21:49:55] "POST /api/auth/logout/ HTTP/1.1" 401 171
Unauthorized: /api/auth/refresh/
[27/Feb/2026 21:49:55] "POST /api/auth/refresh/ HTTP/1.1" 401 54
/Users/qiurui/booking_demo/backend/users/serializers.py changed, reloading.
Watching for file changes with StatReloader
Performing system checks...

System check identified no issues (0 silenced).
February 27, 2026 - 21:53:17
Django version 4.2, using settings 'config.settings'
Starting development server at http://0.0.0.0:8000/
Quit the server with CONTROL-C.

/Users/qiurui/booking_demo/backend/users/urls.py changed, reloading.
Watching for file changes with StatReloader
Performing system checks...

System check identified no issues (0 silenced).
February 27, 2026 - 21:53:19
Django version 4.2, using settings 'config.settings'
Starting development server at http://0.0.0.0:8000/
Quit the server with CONTROL-C.

/Users/qiurui/booking_demo/backend/users/views.py changed, reloading.
Watching for file changes with StatReloader
Performing system checks...

System check identified no issues (0 silenced).
February 27, 2026 - 21:54:26
Django version 4.2, using settings 'config.settings'
Starting development server at http://0.0.0.0:8000/
Quit the server with CONTROL-C.

[27/Feb/2026 22:04:43] "OPTIONS /api/auth/doctors/ HTTP/1.1" 200 0
[27/Feb/2026 22:04:43] "OPTIONS /api/appointments/ HTTP/1.1" 200 0
[27/Feb/2026 22:04:43] "OPTIONS /api/auth/patients/ HTTP/1.1" 200 0
[27/Feb/2026 22:04:43] "OPTIONS /api/schedule-slots/ HTTP/1.1" 200 0
Unauthorized: /api/auth/doctors/
Unauthorized: /api/auth/patients/
Unauthorized: /api/appointments/
Unauthorized: /api/schedule-slots/
[27/Feb/2026 22:04:43] "GET /api/auth/doctors/ HTTP/1.1" 401 171
[27/Feb/2026 22:04:43] "GET /api/appointments/ HTTP/1.1" 401 171
[27/Feb/2026 22:04:43] "GET /api/auth/patients/ HTTP/1.1" 401 171
[27/Feb/2026 22:04:43] "GET /api/schedule-slots/ HTTP/1.1" 401 171
[27/Feb/2026 22:04:43] "OPTIONS /api/auth/refresh/ HTTP/1.1" 200 0
Unauthorized: /api/auth/refresh/
[27/Feb/2026 22:04:43] "OPTIONS /api/auth/refresh/ HTTP/1.1" 200 0
Unauthorized: /api/auth/refresh/
[27/Feb/2026 22:04:43] "OPTIONS /api/auth/refresh/ HTTP/1.1" 200 0
Unauthorized: /api/auth/refresh/
[27/Feb/2026 22:04:43] "OPTIONS /api/auth/refresh/ HTTP/1.1" 200 0
Unauthorized: /api/auth/refresh/
[27/Feb/2026 22:04:43] "POST /api/auth/refresh/ HTTP/1.1" 401 54
[27/Feb/2026 22:04:43] "POST /api/auth/refresh/ HTTP/1.1" 401 54
[27/Feb/2026 22:04:43] "POST /api/auth/refresh/ HTTP/1.1" 401 54
[27/Feb/2026 22:04:43] "POST /api/auth/refresh/ HTTP/1.1" 401 54
/Users/qiurui/booking_demo/backend/users/serializers.py changed, reloading.
Watching for file changes with StatReloader
Performing system checks...

System check identified no issues (0 silenced).
February 27, 2026 - 22:07:40
Django version 4.2, using settings 'config.settings'
Starting development server at http://0.0.0.0:8000/
Quit the server with CONTROL-C.

/Users/qiurui/booking_demo/backend/users/serializers.py changed, reloading.
Watching for file changes with StatReloader
Performing system checks...

System check identified no issues (0 silenced).
February 27, 2026 - 22:12:42
Django version 4.2, using settings 'config.settings'
Starting development server at http://0.0.0.0:8000/
Quit the server with CONTROL-C.

/Users/qiurui/booking_demo/backend/users/serializers.py changed, reloading.
Watching for file changes with StatReloader
Performing system checks...

System check identified no issues (0 silenced).
February 27, 2026 - 22:12:55
Django version 4.2, using settings 'config.settings'
Starting development server at http://0.0.0.0:8000/
Quit the server with CONTROL-C.

/Users/qiurui/booking_demo/backend/users/views.py changed, reloading.
Watching for file changes with StatReloader
Performing system checks...

Exception in thread django-main-thread:
Traceback (most recent call last):
  File "/opt/anaconda3/lib/python3.12/threading.py", line 1075, in _bootstrap_inner
    self.run()
  File "/opt/anaconda3/lib/python3.12/threading.py", line 1012, in run
    self._target(*self._args, **self._kwargs)
  File "/opt/anaconda3/lib/python3.12/site-packages/django/utils/autoreload.py", line 64, in wrapper
    fn(*args, **kwargs)
  File "/opt/anaconda3/lib/python3.12/site-packages/django/core/management/commands/runserver.py", line 133, in inner_run
    self.check(display_num_errors=True)
  File "/opt/anaconda3/lib/python3.12/site-packages/django/core/management/base.py", line 485, in check
    all_issues = checks.run_checks(
                 ^^^^^^^^^^^^^^^^^^
  File "/opt/anaconda3/lib/python3.12/site-packages/django/core/checks/registry.py", line 88, in run_checks
    new_errors = check(app_configs=app_configs, databases=databases)
                 ^^^^^^^^^^^^^^^^^^^^^^^^^^^^^^^^^^^^^^^^^^^^^^^^^^^
  File "/opt/anaconda3/lib/python3.12/site-packages/django/core/checks/urls.py", line 42, in check_url_namespaces_unique
    all_namespaces = _load_all_namespaces(resolver)
                     ^^^^^^^^^^^^^^^^^^^^^^^^^^^^^^
  File "/opt/anaconda3/lib/python3.12/site-packages/django/core/checks/urls.py", line 61, in _load_all_namespaces
    url_patterns = getattr(resolver, "url_patterns", [])
                   ^^^^^^^^^^^^^^^^^^^^^^^^^^^^^^^^^^^^^
  File "/opt/anaconda3/lib/python3.12/site-packages/django/utils/functional.py", line 57, in __get__
    res = instance.__dict__[self.name] = self.func(instance)
                                         ^^^^^^^^^^^^^^^^^^^
  File "/opt/anaconda3/lib/python3.12/site-packages/django/urls/resolvers.py", line 715, in url_patterns
    patterns = getattr(self.urlconf_module, "urlpatterns", self.urlconf_module)
                       ^^^^^^^^^^^^^^^^^^^
  File "/opt/anaconda3/lib/python3.12/site-packages/django/utils/functional.py", line 57, in __get__
    res = instance.__dict__[self.name] = self.func(instance)
                                         ^^^^^^^^^^^^^^^^^^^
  File "/opt/anaconda3/lib/python3.12/site-packages/django/urls/resolvers.py", line 708, in urlconf_module
    return import_module(self.urlconf_name)
           ^^^^^^^^^^^^^^^^^^^^^^^^^^^^^^^^
  File "/opt/anaconda3/lib/python3.12/importlib/__init__.py", line 90, in import_module
    return _bootstrap._gcd_import(name[level:], package, level)
           ^^^^^^^^^^^^^^^^^^^^^^^^^^^^^^^^^^^^^^^^^^^^^^^^^^^^
  File "<frozen importlib._bootstrap>", line 1387, in _gcd_import
  File "<frozen importlib._bootstrap>", line 1360, in _find_and_load
  File "<frozen importlib._bootstrap>", line 1331, in _find_and_load_unlocked
  File "<frozen importlib._bootstrap>", line 935, in _load_unlocked
  File "<frozen importlib._bootstrap_external>", line 995, in exec_module
  File "<frozen importlib._bootstrap>", line 488, in _call_with_frames_removed
  File "/Users/qiurui/booking_demo/backend/config/urls.py", line 39, in <module>
    path("api/auth/", include("users.urls")),
                      ^^^^^^^^^^^^^^^^^^^^^
  File "/opt/anaconda3/lib/python3.12/site-packages/django/urls/conf.py", line 38, in include
    urlconf_module = import_module(urlconf_module)
                     ^^^^^^^^^^^^^^^^^^^^^^^^^^^^^
  File "/opt/anaconda3/lib/python3.12/importlib/__init__.py", line 90, in import_module
    return _bootstrap._gcd_import(name[level:], package, level)
           ^^^^^^^^^^^^^^^^^^^^^^^^^^^^^^^^^^^^^^^^^^^^^^^^^^^^
  File "<frozen importlib._bootstrap>", line 1387, in _gcd_import
  File "<frozen importlib._bootstrap>", line 1360, in _find_and_load
  File "<frozen importlib._bootstrap>", line 1331, in _find_and_load_unlocked
  File "<frozen importlib._bootstrap>", line 935, in _load_unlocked
  File "<frozen importlib._bootstrap_external>", line 995, in exec_module
  File "<frozen importlib._bootstrap>", line 488, in _call_with_frames_removed
  File "/Users/qiurui/booking_demo/backend/users/urls.py", line 4, in <module>
    from .views import DoctorListView, LoginView, LogoutView, MeView, PatientListView
ImportError: cannot import name 'DoctorListView' from 'users.views' (/Users/qiurui/booking_demo/backend/users/views.py)
/Users/qiurui/booking_demo/backend/users/views.py changed, reloading.
Watching for file changes with StatReloader
Performing system checks...

Exception in thread django-main-thread:
Traceback (most recent call last):
  File "/opt/anaconda3/lib/python3.12/threading.py", line 1075, in _bootstrap_inner
    self.run()
  File "/opt/anaconda3/lib/python3.12/threading.py", line 1012, in run
    self._target(*self._args, **self._kwargs)
  File "/opt/anaconda3/lib/python3.12/site-packages/django/utils/autoreload.py", line 64, in wrapper
    fn(*args, **kwargs)
  File "/opt/anaconda3/lib/python3.12/site-packages/django/core/management/commands/runserver.py", line 133, in inner_run
    self.check(display_num_errors=True)
  File "/opt/anaconda3/lib/python3.12/site-packages/django/core/management/base.py", line 485, in check
    all_issues = checks.run_checks(
                 ^^^^^^^^^^^^^^^^^^
  File "/opt/anaconda3/lib/python3.12/site-packages/django/core/checks/registry.py", line 88, in run_checks
    new_errors = check(app_configs=app_configs, databases=databases)
                 ^^^^^^^^^^^^^^^^^^^^^^^^^^^^^^^^^^^^^^^^^^^^^^^^^^^
  File "/opt/anaconda3/lib/python3.12/site-packages/django/core/checks/urls.py", line 42, in check_url_namespaces_unique
    all_namespaces = _load_all_namespaces(resolver)
                     ^^^^^^^^^^^^^^^^^^^^^^^^^^^^^^
  File "/opt/anaconda3/lib/python3.12/site-packages/django/core/checks/urls.py", line 61, in _load_all_namespaces
    url_patterns = getattr(resolver, "url_patterns", [])
                   ^^^^^^^^^^^^^^^^^^^^^^^^^^^^^^^^^^^^^
  File "/opt/anaconda3/lib/python3.12/site-packages/django/utils/functional.py", line 57, in __get__
    res = instance.__dict__[self.name] = self.func(instance)
                                         ^^^^^^^^^^^^^^^^^^^
  File "/opt/anaconda3/lib/python3.12/site-packages/django/urls/resolvers.py", line 715, in url_patterns
    patterns = getattr(self.urlconf_module, "urlpatterns", self.urlconf_module)
                       ^^^^^^^^^^^^^^^^^^^
  File "/opt/anaconda3/lib/python3.12/site-packages/django/utils/functional.py", line 57, in __get__
    res = instance.__dict__[self.name] = self.func(instance)
                                         ^^^^^^^^^^^^^^^^^^^
  File "/opt/anaconda3/lib/python3.12/site-packages/django/urls/resolvers.py", line 708, in urlconf_module
    return import_module(self.urlconf_name)
           ^^^^^^^^^^^^^^^^^^^^^^^^^^^^^^^^
  File "/opt/anaconda3/lib/python3.12/importlib/__init__.py", line 90, in import_module
    return _bootstrap._gcd_import(name[level:], package, level)
           ^^^^^^^^^^^^^^^^^^^^^^^^^^^^^^^^^^^^^^^^^^^^^^^^^^^^
  File "<frozen importlib._bootstrap>", line 1387, in _gcd_import
  File "<frozen importlib._bootstrap>", line 1360, in _find_and_load
  File "<frozen importlib._bootstrap>", line 1331, in _find_and_load_unlocked
  File "<frozen importlib._bootstrap>", line 935, in _load_unlocked
  File "<frozen importlib._bootstrap_external>", line 995, in exec_module
  File "<frozen importlib._bootstrap>", line 488, in _call_with_frames_removed
  File "/Users/qiurui/booking_demo/backend/config/urls.py", line 39, in <module>
    path("api/auth/", include("users.urls")),
                      ^^^^^^^^^^^^^^^^^^^^^
  File "/opt/anaconda3/lib/python3.12/site-packages/django/urls/conf.py", line 38, in include
    urlconf_module = import_module(urlconf_module)
                     ^^^^^^^^^^^^^^^^^^^^^^^^^^^^^
  File "/opt/anaconda3/lib/python3.12/importlib/__init__.py", line 90, in import_module
    return _bootstrap._gcd_import(name[level:], package, level)
           ^^^^^^^^^^^^^^^^^^^^^^^^^^^^^^^^^^^^^^^^^^^^^^^^^^^^
  File "<frozen importlib._bootstrap>", line 1387, in _gcd_import
  File "<frozen importlib._bootstrap>", line 1360, in _find_and_load
  File "<frozen importlib._bootstrap>", line 1331, in _find_and_load_unlocked
  File "<frozen importlib._bootstrap>", line 935, in _load_unlocked
  File "<frozen importlib._bootstrap_external>", line 995, in exec_module
  File "<frozen importlib._bootstrap>", line 488, in _call_with_frames_removed
  File "/Users/qiurui/booking_demo/backend/users/urls.py", line 4, in <module>
    from .views import DoctorListView, LoginView, LogoutView, MeView, PatientListView
ImportError: cannot import name 'DoctorListView' from 'users.views' (/Users/qiurui/booking_demo/backend/users/views.py)
/Users/qiurui/booking_demo/backend/users/views.py changed, reloading.
Watching for file changes with StatReloader
Performing system checks...

Exception in thread django-main-thread:
Traceback (most recent call last):
  File "/opt/anaconda3/lib/python3.12/threading.py", line 1075, in _bootstrap_inner
    self.run()
  File "/opt/anaconda3/lib/python3.12/threading.py", line 1012, in run
    self._target(*self._args, **self._kwargs)
  File "/opt/anaconda3/lib/python3.12/site-packages/django/utils/autoreload.py", line 64, in wrapper
    fn(*args, **kwargs)
  File "/opt/anaconda3/lib/python3.12/site-packages/django/core/management/commands/runserver.py", line 133, in inner_run
    self.check(display_num_errors=True)
  File "/opt/anaconda3/lib/python3.12/site-packages/django/core/management/base.py", line 485, in check
    all_issues = checks.run_checks(
                 ^^^^^^^^^^^^^^^^^^
  File "/opt/anaconda3/lib/python3.12/site-packages/django/core/checks/registry.py", line 88, in run_checks
    new_errors = check(app_configs=app_configs, databases=databases)
                 ^^^^^^^^^^^^^^^^^^^^^^^^^^^^^^^^^^^^^^^^^^^^^^^^^^^
  File "/opt/anaconda3/lib/python3.12/site-packages/django/core/checks/urls.py", line 42, in check_url_namespaces_unique
    all_namespaces = _load_all_namespaces(resolver)
                     ^^^^^^^^^^^^^^^^^^^^^^^^^^^^^^
  File "/opt/anaconda3/lib/python3.12/site-packages/django/core/checks/urls.py", line 61, in _load_all_namespaces
    url_patterns = getattr(resolver, "url_patterns", [])
                   ^^^^^^^^^^^^^^^^^^^^^^^^^^^^^^^^^^^^^
  File "/opt/anaconda3/lib/python3.12/site-packages/django/utils/functional.py", line 57, in __get__
    res = instance.__dict__[self.name] = self.func(instance)
                                         ^^^^^^^^^^^^^^^^^^^
  File "/opt/anaconda3/lib/python3.12/site-packages/django/urls/resolvers.py", line 715, in url_patterns
    patterns = getattr(self.urlconf_module, "urlpatterns", self.urlconf_module)
                       ^^^^^^^^^^^^^^^^^^^
  File "/opt/anaconda3/lib/python3.12/site-packages/django/utils/functional.py", line 57, in __get__
    res = instance.__dict__[self.name] = self.func(instance)
                                         ^^^^^^^^^^^^^^^^^^^
  File "/opt/anaconda3/lib/python3.12/site-packages/django/urls/resolvers.py", line 708, in urlconf_module
    return import_module(self.urlconf_name)
           ^^^^^^^^^^^^^^^^^^^^^^^^^^^^^^^^
  File "/opt/anaconda3/lib/python3.12/importlib/__init__.py", line 90, in import_module
    return _bootstrap._gcd_import(name[level:], package, level)
           ^^^^^^^^^^^^^^^^^^^^^^^^^^^^^^^^^^^^^^^^^^^^^^^^^^^^
  File "<frozen importlib._bootstrap>", line 1387, in _gcd_import
  File "<frozen importlib._bootstrap>", line 1360, in _find_and_load
  File "<frozen importlib._bootstrap>", line 1331, in _find_and_load_unlocked
  File "<frozen importlib._bootstrap>", line 935, in _load_unlocked
  File "<frozen importlib._bootstrap_external>", line 995, in exec_module
  File "<frozen importlib._bootstrap>", line 488, in _call_with_frames_removed
  File "/Users/qiurui/booking_demo/backend/config/urls.py", line 39, in <module>
    path("api/auth/", include("users.urls")),
                      ^^^^^^^^^^^^^^^^^^^^^
  File "/opt/anaconda3/lib/python3.12/site-packages/django/urls/conf.py", line 38, in include
    urlconf_module = import_module(urlconf_module)
                     ^^^^^^^^^^^^^^^^^^^^^^^^^^^^^
  File "/opt/anaconda3/lib/python3.12/importlib/__init__.py", line 90, in import_module
    return _bootstrap._gcd_import(name[level:], package, level)
           ^^^^^^^^^^^^^^^^^^^^^^^^^^^^^^^^^^^^^^^^^^^^^^^^^^^^
  File "<frozen importlib._bootstrap>", line 1387, in _gcd_import
  File "<frozen importlib._bootstrap>", line 1360, in _find_and_load
  File "<frozen importlib._bootstrap>", line 1331, in _find_and_load_unlocked
  File "<frozen importlib._bootstrap>", line 935, in _load_unlocked
  File "<frozen importlib._bootstrap_external>", line 995, in exec_module
  File "<frozen importlib._bootstrap>", line 488, in _call_with_frames_removed
  File "/Users/qiurui/booking_demo/backend/users/urls.py", line 4, in <module>
    from .views import DoctorListView, LoginView, LogoutView, MeView, PatientListView
ImportError: cannot import name 'DoctorListView' from 'users.views' (/Users/qiurui/booking_demo/backend/users/views.py)
/Users/qiurui/booking_demo/backend/users/urls.py changed, reloading.
Watching for file changes with StatReloader
Performing system checks...

System check identified no issues (0 silenced).
February 27, 2026 - 22:13:58
Django version 4.2, using settings 'config.settings'
Starting development server at http://0.0.0.0:8000/
Quit the server with CONTROL-C.

[27/Feb/2026 22:42:21] "OPTIONS /api/auth/logout/ HTTP/1.1" 200 0
Unauthorized: /api/auth/logout/
[27/Feb/2026 22:42:21] "POST /api/auth/logout/ HTTP/1.1" 401 171
[27/Feb/2026 22:42:21] "OPTIONS /api/auth/refresh/ HTTP/1.1" 200 0
Unauthorized: /api/auth/refresh/
[27/Feb/2026 22:42:21] "POST /api/auth/refresh/ HTTP/1.1" 401 54
[27/Feb/2026 22:43:43] "OPTIONS /api/auth/login/ HTTP/1.1" 200 0
[27/Feb/2026 22:43:43] "POST /api/auth/login/ HTTP/1.1" 200 629
[27/Feb/2026 22:43:46] "OPTIONS /api/auth/doctors/ HTTP/1.1" 200 0
[27/Feb/2026 22:43:46] "GET /api/auth/doctors/ HTTP/1.1" 200 175
[27/Feb/2026 22:43:47] "OPTIONS /api/auth/patients/ HTTP/1.1" 200 0
[27/Feb/2026 22:43:47] "GET /api/auth/patients/ HTTP/1.1" 200 180
[27/Feb/2026 22:43:48] "OPTIONS /api/appointments/ HTTP/1.1" 200 0
[27/Feb/2026 22:43:48] "OPTIONS /api/schedule-slots/ HTTP/1.1" 200 0
[27/Feb/2026 22:43:48] "GET /api/auth/doctors/ HTTP/1.1" 200 175
[27/Feb/2026 22:43:48] "GET /api/auth/patients/ HTTP/1.1" 200 180
[27/Feb/2026 22:43:48] "GET /api/appointments/ HTTP/1.1" 200 2
[27/Feb/2026 22:43:48] "GET /api/schedule-slots/ HTTP/1.1" 200 2
[27/Feb/2026 22:43:50] "GET /api/auth/doctors/ HTTP/1.1" 200 175
[27/Feb/2026 22:43:51] "GET /api/auth/patients/ HTTP/1.1" 200 180
[27/Feb/2026 22:43:51] "GET /api/appointments/ HTTP/1.1" 200 2
[27/Feb/2026 22:43:51] "GET /api/auth/patients/ HTTP/1.1" 200 180
[27/Feb/2026 22:43:51] "GET /api/schedule-slots/ HTTP/1.1" 200 2
[27/Feb/2026 22:43:51] "GET /api/auth/doctors/ HTTP/1.1" 200 175
[27/Feb/2026 22:44:24] "GET /api/auth/doctors/ HTTP/1.1" 200 175
[27/Feb/2026 22:44:25] "GET /api/auth/patients/ HTTP/1.1" 200 180
[27/Feb/2026 22:44:26] "GET /api/appointments/ HTTP/1.1" 200 2
[27/Feb/2026 22:44:26] "GET /api/schedule-slots/ HTTP/1.1" 200 2
[27/Feb/2026 22:44:26] "GET /api/auth/doctors/ HTTP/1.1" 200 175
[27/Feb/2026 22:44:26] "GET /api/auth/patients/ HTTP/1.1" 200 180
[27/Feb/2026 22:44:28] "GET /api/auth/patients/ HTTP/1.1" 200 180
[27/Feb/2026 22:44:28] "GET /api/auth/doctors/ HTTP/1.1" 200 175
[27/Feb/2026 22:44:29] "GET /api/schedule-slots/ HTTP/1.1" 200 2
[27/Feb/2026 22:44:29] "GET /api/appointments/ HTTP/1.1" 200 2
[27/Feb/2026 22:44:29] "GET /api/auth/doctors/ HTTP/1.1" 200 175
[27/Feb/2026 22:44:39] "POST /api/schedule-slots/ HTTP/1.1" 201 212
[27/Feb/2026 22:44:39] "GET /api/schedule-slots/ HTTP/1.1" 200 214
[27/Feb/2026 22:44:41] "GET /api/appointments/ HTTP/1.1" 200 2
[27/Feb/2026 22:44:41] "GET /api/auth/patients/ HTTP/1.1" 200 180
[27/Feb/2026 22:44:41] "GET /api/auth/doctors/ HTTP/1.1" 200 175
[27/Feb/2026 22:44:41] "GET /api/schedule-slots/ HTTP/1.1" 200 214
[27/Feb/2026 22:44:42] "GET /api/schedule-slots/ HTTP/1.1" 200 214
[27/Feb/2026 22:44:42] "GET /api/auth/doctors/ HTTP/1.1" 200 175
[27/Feb/2026 22:44:42] "GET /api/appointments/ HTTP/1.1" 200 2
[27/Feb/2026 22:46:21] "GET /api/auth/doctors/ HTTP/1.1" 200 175
[27/Feb/2026 22:46:49] "OPTIONS /api/auth/doctors/2/ HTTP/1.1" 200 0
[27/Feb/2026 22:46:49] "PATCH /api/auth/doctors/2/ HTTP/1.1" 200 184
[27/Feb/2026 22:46:49] "GET /api/auth/doctors/ HTTP/1.1" 200 186
[27/Feb/2026 22:47:49] "POST /api/auth/doctors/ HTTP/1.1" 201 168
[27/Feb/2026 22:47:49] "GET /api/auth/doctors/ HTTP/1.1" 200 355
[27/Feb/2026 22:48:40] "OPTIONS /api/auth/doctors/4/ HTTP/1.1" 200 0
[27/Feb/2026 22:48:40] "DELETE /api/auth/doctors/4/ HTTP/1.1" 204 0
[27/Feb/2026 22:48:40] "GET /api/auth/doctors/ HTTP/1.1" 200 186
[27/Feb/2026 22:52:40] "POST /api/auth/logout/ HTTP/1.1" 200 23
Unauthorized: /api/auth/doctors/
[27/Feb/2026 22:52:40] "GET /api/auth/doctors/ HTTP/1.1" 401 43
/Users/qiurui/booking_demo/backend/users/serializers.py changed, reloading.
Watching for file changes with StatReloader
Performing system checks...

System check identified no issues (0 silenced).
February 27, 2026 - 22:55:24
Django version 4.2, using settings 'config.settings'
Starting development server at http://0.0.0.0:8000/
Quit the server with CONTROL-C.

[27/Feb/2026 22:57:29] "POST /api/auth/login/ HTTP/1.1" 200 629
[27/Feb/2026 22:57:29] "GET /api/auth/doctors/ HTTP/1.1" 200 186
[27/Feb/2026 22:57:29] "GET /api/auth/patients/ HTTP/1.1" 200 180
[27/Feb/2026 22:57:29] "GET /api/appointments/ HTTP/1.1" 200 2
[27/Feb/2026 22:57:37] "GET /api/auth/doctors/ HTTP/1.1" 200 186
[27/Feb/2026 22:57:39] "GET /api/auth/doctors/ HTTP/1.1" 200 186
[27/Feb/2026 22:57:39] "GET /api/auth/patients/ HTTP/1.1" 200 180
[27/Feb/2026 22:57:40] "GET /api/appointments/ HTTP/1.1" 200 2
[27/Feb/2026 22:59:22] "GET /api/appointments/ HTTP/1.1" 200 2
[27/Feb/2026 22:59:22] "GET /api/auth/doctors/ HTTP/1.1" 200 186
[27/Feb/2026 22:59:22] "GET /api/auth/patients/ HTTP/1.1" 200 180
[27/Feb/2026 23:01:17] "GET /api/appointments/ HTTP/1.1" 200 2
[27/Feb/2026 23:01:17] "GET /api/auth/patients/ HTTP/1.1" 200 180
[27/Feb/2026 23:01:17] "GET /api/auth/doctors/ HTTP/1.1" 200 186
[27/Feb/2026 23:01:20] "GET /api/auth/patients/ HTTP/1.1" 200 180
[27/Feb/2026 23:01:21] "GET /api/appointments/ HTTP/1.1" 200 2
[27/Feb/2026 23:01:21] "GET /api/auth/doctors/ HTTP/1.1" 200 186
Unauthorized: /api/auth/doctors/
Unauthorized: /api/auth/patients/
Unauthorized: /api/appointments/
[28/Feb/2026 09:22:05] "GET /api/auth/doctors/ HTTP/1.1" 401 171
[28/Feb/2026 09:22:05] "GET /api/auth/patients/ HTTP/1.1" 401 171
[28/Feb/2026 09:22:05] "GET /api/appointments/ HTTP/1.1" 401 171
[28/Feb/2026 09:22:05] "POST /api/auth/refresh/ HTTP/1.1" 200 489
[28/Feb/2026 09:22:05] "POST /api/auth/refresh/ HTTP/1.1" 200 489
[28/Feb/2026 09:22:05] "GET /api/appointments/ HTTP/1.1" 200 2
[28/Feb/2026 09:22:05] "GET /api/auth/patients/ HTTP/1.1" 200 180
[28/Feb/2026 09:22:05] "POST /api/auth/refresh/ HTTP/1.1" 200 489
[28/Feb/2026 09:22:05] "GET /api/auth/doctors/ HTTP/1.1" 200 186
[28/Feb/2026 09:35:02] "OPTIONS /api/auth/login/ HTTP/1.1" 200 0
[28/Feb/2026 09:35:02] "POST /api/auth/login/ HTTP/1.1" 200 629
[28/Feb/2026 09:35:02] "GET /api/appointments/ HTTP/1.1" 200 2
[28/Feb/2026 09:35:02] "GET /api/auth/patients/ HTTP/1.1" 200 180
[28/Feb/2026 09:35:02] "GET /api/auth/doctors/ HTTP/1.1" 200 186
[28/Feb/2026 09:35:04] "GET /api/auth/doctors/ HTTP/1.1" 200 186
[28/Feb/2026 09:35:05] "GET /api/auth/patients/ HTTP/1.1" 200 180
[28/Feb/2026 09:35:06] "GET /api/appointments/ HTTP/1.1" 200 2
[28/Feb/2026 09:35:06] "GET /api/auth/doctors/ HTTP/1.1" 200 186
[28/Feb/2026 09:35:06] "GET /api/auth/patients/ HTTP/1.1" 200 180
[28/Feb/2026 09:35:06] "GET /api/schedule-slots/ HTTP/1.1" 200 214
[28/Feb/2026 09:35:07] "GET /api/auth/doctors/ HTTP/1.1" 200 186
[28/Feb/2026 09:35:07] "GET /api/appointments/ HTTP/1.1" 200 2
[28/Feb/2026 09:35:07] "GET /api/schedule-slots/ HTTP/1.1" 200 214
[28/Feb/2026 09:35:08] "OPTIONS /api/appointments/?status=completed HTTP/1.1" 200 0
[28/Feb/2026 09:35:08] "GET /api/appointments/?status=completed HTTP/1.1" 200 2
[28/Feb/2026 09:35:09] "GET /api/appointments/ HTTP/1.1" 200 2
[28/Feb/2026 09:35:09] "GET /api/auth/patients/ HTTP/1.1" 200 180
[28/Feb/2026 09:35:09] "GET /api/auth/doctors/ HTTP/1.1" 200 186
[28/Feb/2026 09:35:09] "GET /api/schedule-slots/ HTTP/1.1" 200 214
[28/Feb/2026 09:35:09] "GET /api/appointments/ HTTP/1.1" 200 2
[28/Feb/2026 09:35:09] "GET /api/schedule-slots/ HTTP/1.1" 200 214
[28/Feb/2026 09:35:09] "GET /api/auth/doctors/ HTTP/1.1" 200 186
[28/Feb/2026 09:35:23] "GET /api/auth/doctors/ HTTP/1.1" 200 186
[28/Feb/2026 09:35:23] "GET /api/appointments/ HTTP/1.1" 200 2
[28/Feb/2026 09:35:23] "GET /api/schedule-slots/ HTTP/1.1" 200 214
[28/Feb/2026 09:35:23] "GET /api/auth/patients/ HTTP/1.1" 200 180
[28/Feb/2026 09:35:44] "GET /api/appointments/?status=completed HTTP/1.1" 200 2
[28/Feb/2026 09:35:45] "GET /api/auth/doctors/ HTTP/1.1" 200 186
[28/Feb/2026 09:35:45] "GET /api/appointments/ HTTP/1.1" 200 2
[28/Feb/2026 09:35:45] "GET /api/schedule-slots/ HTTP/1.1" 200 214
/Users/qiurui/booking_demo/backend/appointments/views.py changed, reloading.
Watching for file changes with StatReloader
Performing system checks...

System check identified no issues (0 silenced).
February 28, 2026 - 09:38:50
Django version 4.2, using settings 'config.settings'
Starting development server at http://0.0.0.0:8000/
Quit the server with CONTROL-C.

[28/Feb/2026 09:51:02] "GET /api/auth/doctors/ HTTP/1.1" 200 186
[28/Feb/2026 09:51:02] "GET /api/appointments/ HTTP/1.1" 200 2
[28/Feb/2026 09:51:02] "GET /api/auth/patients/ HTTP/1.1" 200 180
[28/Feb/2026 09:51:08] "GET /api/auth/patients/ HTTP/1.1" 200 180
[28/Feb/2026 09:51:08] "GET /api/auth/doctors/ HTTP/1.1" 200 186
[28/Feb/2026 09:51:08] "GET /api/appointments/ HTTP/1.1" 200 2
[28/Feb/2026 09:51:08] "GET /api/schedule-slots/ HTTP/1.1" 200 214
[28/Feb/2026 09:51:09] "OPTIONS /api/appointments/?status=completed HTTP/1.1" 200 0
[28/Feb/2026 09:51:09] "GET /api/appointments/?status=completed HTTP/1.1" 200 2
[28/Feb/2026 09:51:10] "GET /api/auth/doctors/ HTTP/1.1" 200 186
[28/Feb/2026 09:51:10] "GET /api/appointments/ HTTP/1.1" 200 2
[28/Feb/2026 09:51:10] "GET /api/schedule-slots/ HTTP/1.1" 200 214
[28/Feb/2026 09:59:24] "OPTIONS /api/auth/doctors/ HTTP/1.1" 200 0
[28/Feb/2026 09:59:24] "OPTIONS /api/schedule-slots/ HTTP/1.1" 200 0
[28/Feb/2026 09:59:24] "OPTIONS /api/appointments/ HTTP/1.1" 200 0
[28/Feb/2026 09:59:24] "GET /api/auth/doctors/ HTTP/1.1" 200 186
[28/Feb/2026 09:59:24] "GET /api/schedule-slots/ HTTP/1.1" 200 214
[28/Feb/2026 09:59:24] "GET /api/appointments/ HTTP/1.1" 200 2
[28/Feb/2026 09:59:24] "GET /api/auth/doctors/ HTTP/1.1" 200 186
[28/Feb/2026 09:59:24] "GET /api/schedule-slots/ HTTP/1.1" 200 214
[28/Feb/2026 09:59:24] "GET /api/appointments/ HTTP/1.1" 200 2
[28/Feb/2026 10:17:48] "GET /api/appointments/ HTTP/1.1" 200 2
[28/Feb/2026 10:17:48] "GET /api/appointments/ HTTP/1.1" 200 2
[28/Feb/2026 10:17:48] "GET /api/schedule-slots/ HTTP/1.1" 200 214
[28/Feb/2026 10:17:48] "GET /api/auth/doctors/ HTTP/1.1" 200 186
[28/Feb/2026 10:17:48] "GET /api/schedule-slots/ HTTP/1.1" 200 214
[28/Feb/2026 10:17:48] "GET /api/auth/doctors/ HTTP/1.1" 200 186
[28/Feb/2026 10:18:11] "GET /api/appointments/?status=completed HTTP/1.1" 200 2
[28/Feb/2026 10:18:13] "GET /api/auth/patients/ HTTP/1.1" 200 180
[28/Feb/2026 10:18:13] "GET /api/appointments/ HTTP/1.1" 200 2
[28/Feb/2026 10:18:13] "GET /api/auth/doctors/ HTTP/1.1" 200 186
[28/Feb/2026 10:18:13] "GET /api/schedule-slots/ HTTP/1.1" 200 214
[28/Feb/2026 10:18:14] "GET /api/auth/patients/ HTTP/1.1" 200 180
[28/Feb/2026 10:18:15] "GET /api/auth/doctors/ HTTP/1.1" 200 186
[28/Feb/2026 10:18:16] "GET /api/auth/patients/ HTTP/1.1" 200 180
[28/Feb/2026 10:18:17] "GET /api/auth/doctors/ HTTP/1.1" 200 186
[28/Feb/2026 10:18:19] "GET /api/auth/patients/ HTTP/1.1" 200 180
[28/Feb/2026 10:18:19] "GET /api/auth/doctors/ HTTP/1.1" 200 186
[28/Feb/2026 10:18:20] "GET /api/auth/patients/ HTTP/1.1" 200 180
[28/Feb/2026 10:18:20] "GET /api/auth/patients/ HTTP/1.1" 200 180
[28/Feb/2026 10:18:20] "GET /api/schedule-slots/ HTTP/1.1" 200 214
[28/Feb/2026 10:18:20] "GET /api/auth/doctors/ HTTP/1.1" 200 186
[28/Feb/2026 10:18:20] "GET /api/appointments/ HTTP/1.1" 200 2
[28/Feb/2026 10:18:21] "GET /api/auth/doctors/ HTTP/1.1" 200 186
[28/Feb/2026 10:19:51] "GET /api/schedule-slots/ HTTP/1.1" 200 214
[28/Feb/2026 10:19:51] "GET /api/appointments/ HTTP/1.1" 200 2
[28/Feb/2026 10:19:51] "GET /api/auth/doctors/ HTTP/1.1" 200 186
[28/Feb/2026 10:19:51] "GET /api/auth/doctors/ HTTP/1.1" 200 186
[28/Feb/2026 10:21:56] "GET /api/appointments/ HTTP/1.1" 200 2
[28/Feb/2026 10:21:56] "GET /api/auth/doctors/ HTTP/1.1" 200 186
[28/Feb/2026 10:21:56] "GET /api/schedule-slots/ HTTP/1.1" 200 214
[28/Feb/2026 10:22:16] "OPTIONS /api/auth/patients/ HTTP/1.1" 200 0
[28/Feb/2026 10:22:16] "GET /api/appointments/ HTTP/1.1" 200 2
[28/Feb/2026 10:22:16] "GET /api/auth/doctors/ HTTP/1.1" 200 186
[28/Feb/2026 10:22:16] "GET /api/auth/patients/ HTTP/1.1" 200 180
[28/Feb/2026 10:22:16] "GET /api/schedule-slots/ HTTP/1.1" 200 214
[28/Feb/2026 10:22:27] "POST /api/appointments/ HTTP/1.1" 201 361
[28/Feb/2026 10:22:27] "GET /api/appointments/ HTTP/1.1" 200 363
[28/Feb/2026 10:22:29] "GET /api/appointments/?status=completed HTTP/1.1" 200 2
[28/Feb/2026 10:22:30] "GET /api/auth/doctors/ HTTP/1.1" 200 186
[28/Feb/2026 10:22:30] "GET /api/appointments/ HTTP/1.1" 200 363
[28/Feb/2026 10:22:30] "GET /api/schedule-slots/ HTTP/1.1" 200 214
[28/Feb/2026 10:23:59] "GET /api/schedule-slots/ HTTP/1.1" 200 214
[28/Feb/2026 10:23:59] "GET /api/auth/doctors/ HTTP/1.1" 200 186
[28/Feb/2026 10:23:59] "GET /api/appointments/ HTTP/1.1" 200 363
[28/Feb/2026 10:27:49] "GET /api/appointments/ HTTP/1.1" 200 363
[28/Feb/2026 10:27:49] "GET /api/auth/doctors/ HTTP/1.1" 200 186
[28/Feb/2026 10:27:49] "GET /api/schedule-slots/ HTTP/1.1" 200 214
[28/Feb/2026 10:30:02] "OPTIONS /api/auth/refresh/ HTTP/1.1" 200 0
[28/Feb/2026 10:30:02] "POST /api/auth/refresh/ HTTP/1.1" 200 489
[28/Feb/2026 10:31:37] "GET /api/appointments/ HTTP/1.1" 200 363
[28/Feb/2026 10:31:37] "GET /api/schedule-slots/ HTTP/1.1" 200 214
[28/Feb/2026 10:31:37] "GET /api/auth/doctors/ HTTP/1.1" 200 186
[28/Feb/2026 10:40:42] "GET /api/appointments/ HTTP/1.1" 200 363
[28/Feb/2026 10:40:42] "GET /api/auth/patients/ HTTP/1.1" 200 180
[28/Feb/2026 10:40:42] "GET /api/auth/doctors/ HTTP/1.1" 200 186
[28/Feb/2026 10:41:03] "GET /api/auth/doctors/ HTTP/1.1" 200 186
[28/Feb/2026 10:41:03] "GET /api/appointments/ HTTP/1.1" 200 363
[28/Feb/2026 10:41:03] "GET /api/schedule-slots/ HTTP/1.1" 200 214
[28/Feb/2026 10:45:03] "OPTIONS /api/auth/doctors/ HTTP/1.1" 200 0
Unauthorized: /api/auth/doctors/
[28/Feb/2026 10:45:03] "GET /api/auth/doctors/ HTTP/1.1" 401 171
[28/Feb/2026 10:45:03] "OPTIONS /api/auth/refresh/ HTTP/1.1" 200 0
Unauthorized: /api/auth/refresh/
[28/Feb/2026 10:45:03] "POST /api/auth/refresh/ HTTP/1.1" 401 65
[28/Feb/2026 10:45:05] "OPTIONS /api/auth/login/ HTTP/1.1" 200 0
[28/Feb/2026 10:45:05] "POST /api/auth/login/ HTTP/1.1" 200 629
[28/Feb/2026 10:45:05] "OPTIONS /api/auth/patients/ HTTP/1.1" 200 0
[28/Feb/2026 10:45:05] "OPTIONS /api/appointments/ HTTP/1.1" 200 0
[28/Feb/2026 10:45:05] "GET /api/auth/doctors/ HTTP/1.1" 200 186
[28/Feb/2026 10:45:05] "GET /api/auth/patients/ HTTP/1.1" 200 180
[28/Feb/2026 10:45:05] "GET /api/appointments/ HTTP/1.1" 200 363
[28/Feb/2026 10:45:08] "OPTIONS /api/schedule-slots/ HTTP/1.1" 200 0
[28/Feb/2026 10:45:08] "GET /api/auth/doctors/ HTTP/1.1" 200 186
[28/Feb/2026 10:45:08] "GET /api/schedule-slots/ HTTP/1.1" 200 214
[28/Feb/2026 10:45:08] "GET /api/appointments/ HTTP/1.1" 200 363
[28/Feb/2026 10:45:18] "GET /api/auth/doctors/ HTTP/1.1" 200 186
[28/Feb/2026 10:45:18] "GET /api/appointments/ HTTP/1.1" 200 363
[28/Feb/2026 10:45:18] "GET /api/auth/patients/ HTTP/1.1" 200 180
[28/Feb/2026 10:45:20] "GET /api/auth/doctors/ HTTP/1.1" 200 186
[28/Feb/2026 10:45:22] "GET /api/auth/patients/ HTTP/1.1" 200 180
[28/Feb/2026 10:45:22] "GET /api/auth/doctors/ HTTP/1.1" 200 186
[28/Feb/2026 10:45:22] "GET /api/appointments/ HTTP/1.1" 200 363
[28/Feb/2026 10:45:22] "GET /api/auth/patients/ HTTP/1.1" 200 180
[28/Feb/2026 10:45:22] "GET /api/schedule-slots/ HTTP/1.1" 200 214
[28/Feb/2026 10:45:23] "GET /api/auth/doctors/ HTTP/1.1" 200 186
[28/Feb/2026 10:45:23] "GET /api/schedule-slots/ HTTP/1.1" 200 214
[28/Feb/2026 10:45:23] "GET /api/appointments/ HTTP/1.1" 200 363
[28/Feb/2026 10:45:24] "GET /api/appointments/ HTTP/1.1" 200 363
[28/Feb/2026 10:45:24] "GET /api/schedule-slots/ HTTP/1.1" 200 214
[28/Feb/2026 10:45:24] "GET /api/auth/doctors/ HTTP/1.1" 200 186
[28/Feb/2026 10:45:24] "GET /api/auth/patients/ HTTP/1.1" 200 180
[28/Feb/2026 10:45:27] "GET /api/auth/doctors/ HTTP/1.1" 200 186
[28/Feb/2026 10:45:27] "GET /api/schedule-slots/ HTTP/1.1" 200 214
[28/Feb/2026 10:45:27] "GET /api/appointments/ HTTP/1.1" 200 363
[28/Feb/2026 10:48:30] "GET /api/schedule-slots/ HTTP/1.1" 200 214
[28/Feb/2026 10:48:30] "GET /api/auth/doctors/ HTTP/1.1" 200 186
[28/Feb/2026 10:48:30] "GET /api/appointments/ HTTP/1.1" 200 363
[28/Feb/2026 10:48:30] "GET /api/schedule-slots/ HTTP/1.1" 200 214
[28/Feb/2026 10:48:30] "GET /api/auth/doctors/ HTTP/1.1" 200 186
[28/Feb/2026 10:48:30] "GET /api/appointments/ HTTP/1.1" 200 363
[28/Feb/2026 10:52:21] "GET /api/schedule-slots/ HTTP/1.1" 200 214
[28/Feb/2026 10:52:21] "GET /api/appointments/ HTTP/1.1" 200 363
[28/Feb/2026 10:52:21] "GET /api/auth/doctors/ HTTP/1.1" 200 186
[28/Feb/2026 11:10:15] "GET /api/schedule-slots/ HTTP/1.1" 200 214
[28/Feb/2026 11:10:15] "GET /api/appointments/ HTTP/1.1" 200 363
[28/Feb/2026 11:10:15] "GET /api/auth/doctors/ HTTP/1.1" 200 186
[28/Feb/2026 11:12:33] "GET /api/auth/patients/ HTTP/1.1" 200 180
[28/Feb/2026 11:12:34] "GET /api/auth/doctors/ HTTP/1.1" 200 186
[28/Feb/2026 11:12:35] "GET /api/auth/patients/ HTTP/1.1" 200 180
[28/Feb/2026 11:12:35] "GET /api/auth/doctors/ HTTP/1.1" 200 186
[28/Feb/2026 11:12:35] "GET /api/appointments/ HTTP/1.1" 200 363
[28/Feb/2026 11:24:43] "GET /api/auth/doctors/ HTTP/1.1" 200 186
[28/Feb/2026 11:24:43] "GET /api/schedule-slots/ HTTP/1.1" 200 214
[28/Feb/2026 11:24:43] "GET /api/appointments/ HTTP/1.1" 200 363
[28/Feb/2026 11:24:55] "GET /api/auth/doctors/ HTTP/1.1" 200 186
[28/Feb/2026 11:25:02] "POST /api/auth/refresh/ HTTP/1.1" 200 489
[28/Feb/2026 11:25:06] "GET /api/appointments/ HTTP/1.1" 200 363
[28/Feb/2026 11:25:06] "GET /api/auth/doctors/ HTTP/1.1" 200 186
[28/Feb/2026 11:25:06] "GET /api/auth/patients/ HTTP/1.1" 200 180
[28/Feb/2026 11:25:06] "GET /api/schedule-slots/ HTTP/1.1" 200 214
[28/Feb/2026 11:25:07] "GET /api/auth/patients/ HTTP/1.1" 200 180
[28/Feb/2026 11:26:35] "GET /api/auth/patients/ HTTP/1.1" 200 180
[28/Feb/2026 11:33:43] "GET /api/auth/patients/ HTTP/1.1" 200 180
[28/Feb/2026 11:33:45] "GET /api/appointments/?status=completed HTTP/1.1" 200 2
[28/Feb/2026 11:33:46] "GET /api/auth/doctors/ HTTP/1.1" 200 186
[28/Feb/2026 11:33:46] "GET /api/auth/patients/ HTTP/1.1" 200 180
[28/Feb/2026 11:33:46] "GET /api/appointments/ HTTP/1.1" 200 363
[28/Feb/2026 11:33:46] "GET /api/schedule-slots/ HTTP/1.1" 200 214
[28/Feb/2026 11:33:49] "GET /api/auth/doctors/ HTTP/1.1" 200 186
[28/Feb/2026 11:33:49] "GET /api/appointments/ HTTP/1.1" 200 363
[28/Feb/2026 11:33:49] "GET /api/schedule-slots/ HTTP/1.1" 200 214
[28/Feb/2026 11:33:49] "GET /api/auth/patients/ HTTP/1.1" 200 180
[28/Feb/2026 11:33:56] "GET /api/auth/doctors/ HTTP/1.1" 200 186
[28/Feb/2026 11:34:46] "GET /api/auth/doctors/ HTTP/1.1" 200 186
[28/Feb/2026 11:36:49] "GET /api/auth/doctors/ HTTP/1.1" 200 186
[28/Feb/2026 11:37:26] "GET /api/auth/doctors/ HTTP/1.1" 200 186
[28/Feb/2026 11:37:40] "GET /api/auth/doctors/ HTTP/1.1" 200 186
[28/Feb/2026 11:37:40] "GET /api/auth/patients/ HTTP/1.1" 200 180
[28/Feb/2026 11:37:40] "GET /api/appointments/ HTTP/1.1" 200 363
[28/Feb/2026 11:37:41] "GET /api/auth/doctors/ HTTP/1.1" 200 186
[28/Feb/2026 11:37:41] "GET /api/auth/patients/ HTTP/1.1" 200 180
[28/Feb/2026 11:37:49] "GET /api/auth/patients/ HTTP/1.1" 200 180
[28/Feb/2026 11:37:49] "GET /api/auth/doctors/ HTTP/1.1" 200 186
[28/Feb/2026 11:37:49] "GET /api/appointments/ HTTP/1.1" 200 363
[28/Feb/2026 11:37:49] "GET /api/schedule-slots/ HTTP/1.1" 200 214
[28/Feb/2026 11:37:59] "GET /api/auth/doctors/ HTTP/1.1" 200 186
[28/Feb/2026 11:37:59] "GET /api/auth/patients/ HTTP/1.1" 200 180
[28/Feb/2026 11:37:59] "GET /api/appointments/ HTTP/1.1" 200 363
[28/Feb/2026 11:37:59] "GET /api/schedule-slots/ HTTP/1.1" 200 214
[28/Feb/2026 11:38:09] "GET /api/auth/doctors/ HTTP/1.1" 200 186
[28/Feb/2026 11:38:09] "GET /api/auth/patients/ HTTP/1.1" 200 180
[28/Feb/2026 11:38:09] "GET /api/appointments/ HTTP/1.1" 200 363
[28/Feb/2026 11:38:09] "GET /api/schedule-slots/ HTTP/1.1" 200 214
[28/Feb/2026 11:38:12] "GET /api/auth/patients/ HTTP/1.1" 200 180
[28/Feb/2026 11:38:15] "GET /api/schedule-slots/ HTTP/1.1" 200 214
[28/Feb/2026 11:38:15] "GET /api/auth/doctors/ HTTP/1.1" 200 186
[28/Feb/2026 11:38:15] "GET /api/auth/patients/ HTTP/1.1" 200 180
[28/Feb/2026 11:38:15] "GET /api/appointments/ HTTP/1.1" 200 363
[28/Feb/2026 11:38:17] "GET /api/auth/patients/ HTTP/1.1" 200 180
[28/Feb/2026 11:38:42] "OPTIONS /api/appointments/?status=completed HTTP/1.1" 200 0
[28/Feb/2026 11:38:42] "GET /api/appointments/?status=completed HTTP/1.1" 200 2
[28/Feb/2026 11:38:43] "GET /api/appointments/ HTTP/1.1" 200 363
[28/Feb/2026 11:38:43] "GET /api/auth/doctors/ HTTP/1.1" 200 186
[28/Feb/2026 11:38:43] "GET /api/schedule-slots/ HTTP/1.1" 200 214
[28/Feb/2026 11:38:43] "GET /api/auth/patients/ HTTP/1.1" 200 180
[28/Feb/2026 11:39:06] "OPTIONS /api/appointments/1/confirm/ HTTP/1.1" 200 0
[28/Feb/2026 11:39:06] "PUT /api/appointments/1/confirm/ HTTP/1.1" 200 398
[28/Feb/2026 11:39:06] "GET /api/appointments/ HTTP/1.1" 200 400
[28/Feb/2026 11:39:10] "GET /api/auth/patients/ HTTP/1.1" 200 180
[28/Feb/2026 11:39:10] "GET /api/appointments/ HTTP/1.1" 200 400
[28/Feb/2026 11:39:10] "GET /api/schedule-slots/ HTTP/1.1" 200 214
[28/Feb/2026 11:39:10] "GET /api/auth/doctors/ HTTP/1.1" 200 186
[28/Feb/2026 11:40:05] "OPTIONS /api/auth/refresh/ HTTP/1.1" 200 0
[28/Feb/2026 11:40:05] "POST /api/auth/refresh/ HTTP/1.1" 200 489
[28/Feb/2026 11:41:20] "GET /api/auth/doctors/ HTTP/1.1" 200 186
[28/Feb/2026 11:41:20] "GET /api/schedule-slots/ HTTP/1.1" 200 214
[28/Feb/2026 11:41:20] "GET /api/auth/patients/ HTTP/1.1" 200 180
[28/Feb/2026 11:41:20] "GET /api/appointments/ HTTP/1.1" 200 400
[28/Feb/2026 11:41:39] "GET /api/appointments/ HTTP/1.1" 200 400
[28/Feb/2026 11:41:39] "GET /api/auth/doctors/ HTTP/1.1" 200 186
[28/Feb/2026 11:41:39] "GET /api/auth/patients/ HTTP/1.1" 200 180
[28/Feb/2026 11:41:39] "GET /api/schedule-slots/ HTTP/1.1" 200 214
[28/Feb/2026 11:41:43] "GET /api/appointments/?status=completed HTTP/1.1" 200 2
[28/Feb/2026 11:44:44] "GET /api/auth/patients/ HTTP/1.1" 200 180
[28/Feb/2026 11:44:44] "GET /api/auth/doctors/ HTTP/1.1" 200 186
[28/Feb/2026 11:44:44] "GET /api/appointments/ HTTP/1.1" 200 400
[28/Feb/2026 11:44:46] "GET /api/auth/patients/ HTTP/1.1" 200 180
[28/Feb/2026 11:44:50] "GET /api/auth/doctors/ HTTP/1.1" 200 186
[28/Feb/2026 11:44:50] "GET /api/auth/patients/ HTTP/1.1" 200 180
[28/Feb/2026 11:44:50] "GET /api/appointments/ HTTP/1.1" 200 400
[28/Feb/2026 11:44:50] "GET /api/schedule-slots/ HTTP/1.1" 200 214
/Users/qiurui/booking_demo/backend/appointments/views.py changed, reloading.
Watching for file changes with StatReloader
Performing system checks...

System check identified no issues (0 silenced).
February 28, 2026 - 11:50:35
Django version 4.2, using settings 'config.settings'
Starting development server at http://0.0.0.0:8000/
Quit the server with CONTROL-C.

/Users/qiurui/booking_demo/backend/appointments/models.py changed, reloading.
Watching for file changes with StatReloader
Performing system checks...

System check identified no issues (0 silenced).
February 28, 2026 - 11:50:48
Django version 4.2, using settings 'config.settings'
Starting development server at http://0.0.0.0:8000/
Quit the server with CONTROL-C.

[28/Feb/2026 11:51:07] "GET /api/auth/patients/ HTTP/1.1" 200 180
[28/Feb/2026 11:51:07] "GET /api/auth/doctors/ HTTP/1.1" 200 186
[28/Feb/2026 11:51:07] "GET /api/schedule-slots/ HTTP/1.1" 200 214
Internal Server Error: /api/appointments/
Traceback (most recent call last):
  File "/opt/anaconda3/lib/python3.12/site-packages/django/db/backends/utils.py", line 89, in _execute
    return self.cursor.execute(sql, params)
           ^^^^^^^^^^^^^^^^^^^^^^^^^^^^^^^^
  File "/opt/anaconda3/lib/python3.12/site-packages/django/db/backends/sqlite3/base.py", line 328, in execute
    return super().execute(query, params)
           ^^^^^^^^^^^^^^^^^^^^^^^^^^^^^^
sqlite3.OperationalError: no such table: appointments_appointmentattachment

The above exception was the direct cause of the following exception:

Traceback (most recent call last):
  File "/opt/anaconda3/lib/python3.12/site-packages/django/core/handlers/exception.py", line 55, in inner
    response = get_response(request)
               ^^^^^^^^^^^^^^^^^^^^^
  File "/opt/anaconda3/lib/python3.12/site-packages/django/core/handlers/base.py", line 197, in _get_response
    response = wrapped_callback(request, *callback_args, **callback_kwargs)
               ^^^^^^^^^^^^^^^^^^^^^^^^^^^^^^^^^^^^^^^^^^^^^^^^^^^^^^^^^^^^
  File "/opt/anaconda3/lib/python3.12/site-packages/django/views/decorators/csrf.py", line 56, in wrapper_view
    return view_func(*args, **kwargs)
           ^^^^^^^^^^^^^^^^^^^^^^^^^^
  File "/opt/anaconda3/lib/python3.12/site-packages/rest_framework/viewsets.py", line 125, in view
    return self.dispatch(request, *args, **kwargs)
           ^^^^^^^^^^^^^^^^^^^^^^^^^^^^^^^^^^^^^^^
  File "/opt/anaconda3/lib/python3.12/site-packages/rest_framework/views.py", line 509, in dispatch
    response = self.handle_exception(exc)
               ^^^^^^^^^^^^^^^^^^^^^^^^^^
  File "/opt/anaconda3/lib/python3.12/site-packages/rest_framework/views.py", line 469, in handle_exception
    self.raise_uncaught_exception(exc)
  File "/opt/anaconda3/lib/python3.12/site-packages/rest_framework/views.py", line 480, in raise_uncaught_exception
    raise exc
  File "/opt/anaconda3/lib/python3.12/site-packages/rest_framework/views.py", line 506, in dispatch
    response = handler(request, *args, **kwargs)
               ^^^^^^^^^^^^^^^^^^^^^^^^^^^^^^^^^
  File "/opt/anaconda3/lib/python3.12/site-packages/rest_framework/mixins.py", line 46, in list
    return Response(serializer.data)
                    ^^^^^^^^^^^^^^^
  File "/opt/anaconda3/lib/python3.12/site-packages/rest_framework/serializers.py", line 768, in data
    ret = super().data
          ^^^^^^^^^^^^
  File "/opt/anaconda3/lib/python3.12/site-packages/rest_framework/serializers.py", line 253, in data
    self._data = self.to_representation(self.instance)
                 ^^^^^^^^^^^^^^^^^^^^^^^^^^^^^^^^^^^^^
  File "/opt/anaconda3/lib/python3.12/site-packages/rest_framework/serializers.py", line 687, in to_representation
    self.child.to_representation(item) for item in iterable
    ^^^^^^^^^^^^^^^^^^^^^^^^^^^^^^^^^^
  File "/opt/anaconda3/lib/python3.12/site-packages/rest_framework/serializers.py", line 522, in to_representation
    ret[field.field_name] = field.to_representation(attribute)
                            ^^^^^^^^^^^^^^^^^^^^^^^^^^^^^^^^^^
  File "/opt/anaconda3/lib/python3.12/site-packages/rest_framework/fields.py", line 1838, in to_representation
    return method(value)
           ^^^^^^^^^^^^^
  File "/Users/qiurui/booking_demo/backend/appointments/serializers.py", line 35, in get_attachments
    return AppointmentAttachmentSerializer(obj.attachments.all(), many=True).data
           ^^^^^^^^^^^^^^^^^^^^^^^^^^^^^^^^^^^^^^^^^^^^^^^^^^^^^^^^^^^^^^^^^^^^^^
  File "/opt/anaconda3/lib/python3.12/site-packages/rest_framework/serializers.py", line 768, in data
    ret = super().data
          ^^^^^^^^^^^^
  File "/opt/anaconda3/lib/python3.12/site-packages/rest_framework/serializers.py", line 253, in data
    self._data = self.to_representation(self.instance)
                 ^^^^^^^^^^^^^^^^^^^^^^^^^^^^^^^^^^^^^
  File "/opt/anaconda3/lib/python3.12/site-packages/rest_framework/serializers.py", line 687, in to_representation
    self.child.to_representation(item) for item in iterable
                                                   ^^^^^^^^
  File "/opt/anaconda3/lib/python3.12/site-packages/django/db/models/query.py", line 398, in __iter__
    self._fetch_all()
  File "/opt/anaconda3/lib/python3.12/site-packages/django/db/models/query.py", line 1881, in _fetch_all
    self._result_cache = list(self._iterable_class(self))
                         ^^^^^^^^^^^^^^^^^^^^^^^^^^^^^^^^
  File "/opt/anaconda3/lib/python3.12/site-packages/django/db/models/query.py", line 91, in __iter__
    results = compiler.execute_sql(
              ^^^^^^^^^^^^^^^^^^^^^
  File "/opt/anaconda3/lib/python3.12/site-packages/django/db/models/sql/compiler.py", line 1560, in execute_sql
    cursor.execute(sql, params)
  File "/opt/anaconda3/lib/python3.12/site-packages/django/db/backends/utils.py", line 102, in execute
    return super().execute(sql, params)
           ^^^^^^^^^^^^^^^^^^^^^^^^^^^^
  File "/opt/anaconda3/lib/python3.12/site-packages/django/db/backends/utils.py", line 67, in execute
    return self._execute_with_wrappers(
           ^^^^^^^^^^^^^^^^^^^^^^^^^^^^
  File "/opt/anaconda3/lib/python3.12/site-packages/django/db/backends/utils.py", line 80, in _execute_with_wrappers
    return executor(sql, params, many, context)
           ^^^^^^^^^^^^^^^^^^^^^^^^^^^^^^^^^^^^
  File "/opt/anaconda3/lib/python3.12/site-packages/django/db/backends/utils.py", line 84, in _execute
    with self.db.wrap_database_errors:
         ^^^^^^^^^^^^^^^^^^^^^^^^^^^^
  File "/opt/anaconda3/lib/python3.12/site-packages/django/db/utils.py", line 91, in __exit__
    raise dj_exc_value.with_traceback(traceback) from exc_value
  File "/opt/anaconda3/lib/python3.12/site-packages/django/db/backends/utils.py", line 89, in _execute
    return self.cursor.execute(sql, params)
           ^^^^^^^^^^^^^^^^^^^^^^^^^^^^^^^^
  File "/opt/anaconda3/lib/python3.12/site-packages/django/db/backends/sqlite3/base.py", line 328, in execute
    return super().execute(query, params)
           ^^^^^^^^^^^^^^^^^^^^^^^^^^^^^^
django.db.utils.OperationalError: no such table: appointments_appointmentattachment
[28/Feb/2026 11:51:07] "GET /api/appointments/ HTTP/1.1" 500 208503
[28/Feb/2026 11:54:02] "GET /api/auth/doctors/ HTTP/1.1" 200 186
[28/Feb/2026 11:54:02] "GET /api/auth/patients/ HTTP/1.1" 200 180
[28/Feb/2026 11:54:02] "GET /api/schedule-slots/ HTTP/1.1" 200 214
[28/Feb/2026 11:54:02] "GET /api/appointments/ HTTP/1.1" 200 417
/Users/qiurui/booking_demo/backend/users/serializers.py changed, reloading.
Watching for file changes with StatReloader
Performing system checks...

System check identified no issues (0 silenced).
February 28, 2026 - 12:04:12
Django version 4.2, using settings 'config.settings'
Starting development server at http://0.0.0.0:8000/
Quit the server with CONTROL-C.

[28/Feb/2026 12:04:42] "GET /api/auth/doctors/ HTTP/1.1" 200 186
[28/Feb/2026 12:04:42] "GET /api/auth/patients/ HTTP/1.1" 200 180
[28/Feb/2026 12:04:42,041] - Broken pipe from ('127.0.0.1', 58043)
[28/Feb/2026 12:04:42,042] - Broken pipe from ('127.0.0.1', 58040)
[28/Feb/2026 12:04:42,042] - Broken pipe from ('127.0.0.1', 58042)
[28/Feb/2026 12:04:42,042] - Broken pipe from ('127.0.0.1', 58037)
[28/Feb/2026 12:04:42] "GET /api/appointments/ HTTP/1.1" 200 417
[28/Feb/2026 12:04:42] "GET /api/schedule-slots/ HTTP/1.1" 200 214
[28/Feb/2026 12:04:42] "GET /api/auth/doctors/ HTTP/1.1" 200 186
[28/Feb/2026 12:04:42] "GET /api/auth/patients/ HTTP/1.1" 200 180
[28/Feb/2026 12:06:31] "GET /api/auth/patients/ HTTP/1.1" 200 180
[28/Feb/2026 12:06:31] "GET /api/auth/doctors/ HTTP/1.1" 200 186
[28/Feb/2026 12:06:31] "GET /api/schedule-slots/ HTTP/1.1" 200 214
[28/Feb/2026 12:06:31] "GET /api/appointments/ HTTP/1.1" 200 417
[28/Feb/2026 12:06:32] "OPTIONS /api/auth/logout/ HTTP/1.1" 200 0
[28/Feb/2026 12:06:32] "POST /api/auth/logout/ HTTP/1.1" 200 23
Unauthorized: /api/appointments/
Unauthorized: /api/auth/doctors/
Unauthorized: /api/auth/patients/
Unauthorized: /api/schedule-slots/
[28/Feb/2026 12:06:32] "GET /api/appointments/ HTTP/1.1" 401 43
[28/Feb/2026 12:06:32] "GET /api/auth/doctors/ HTTP/1.1" 401 43
[28/Feb/2026 12:06:32] "GET /api/auth/patients/ HTTP/1.1" 401 43
[28/Feb/2026 12:06:32] "GET /api/schedule-slots/ HTTP/1.1" 401 43
[28/Feb/2026 12:06:34] "POST /api/auth/login/ HTTP/1.1" 200 650
[28/Feb/2026 12:06:34] "GET /api/auth/patients/ HTTP/1.1" 200 180
[28/Feb/2026 12:06:34] "GET /api/auth/doctors/ HTTP/1.1" 200 186
[28/Feb/2026 12:06:34] "GET /api/appointments/ HTTP/1.1" 200 417
[28/Feb/2026 12:06:37] "OPTIONS /api/appointments/?status=completed HTTP/1.1" 200 0
[28/Feb/2026 12:06:37] "GET /api/appointments/?status=completed HTTP/1.1" 200 2
[28/Feb/2026 12:06:39] "GET /api/auth/doctors/ HTTP/1.1" 200 186
[28/Feb/2026 12:06:39] "GET /api/auth/patients/ HTTP/1.1" 200 180
[28/Feb/2026 12:06:39] "GET /api/schedule-slots/ HTTP/1.1" 200 214
[28/Feb/2026 12:06:39] "GET /api/appointments/ HTTP/1.1" 200 417
[28/Feb/2026 12:07:06] "GET /api/auth/patients/ HTTP/1.1" 200 180
[28/Feb/2026 12:07:06] "GET /api/auth/doctors/ HTTP/1.1" 200 186
[28/Feb/2026 12:07:07] "GET /api/auth/patients/ HTTP/1.1" 200 180
[28/Feb/2026 12:07:07] "GET /api/auth/doctors/ HTTP/1.1" 200 186
[28/Feb/2026 12:07:07] "GET /api/appointments/ HTTP/1.1" 200 417
[28/Feb/2026 12:07:08] "GET /api/auth/doctors/ HTTP/1.1" 200 186
[28/Feb/2026 12:07:09] "GET /api/auth/patients/ HTTP/1.1" 200 180
[28/Feb/2026 12:07:09] "GET /api/auth/patients/ HTTP/1.1" 200 180
[28/Feb/2026 12:07:09] "GET /api/auth/doctors/ HTTP/1.1" 200 186
[28/Feb/2026 12:07:09] "GET /api/schedule-slots/ HTTP/1.1" 200 214
[28/Feb/2026 12:07:09] "GET /api/appointments/ HTTP/1.1" 200 417
[28/Feb/2026 12:07:10] "GET /api/auth/patients/ HTTP/1.1" 200 180
[28/Feb/2026 12:07:10] "GET /api/auth/doctors/ HTTP/1.1" 200 186
[28/Feb/2026 12:07:10] "GET /api/schedule-slots/ HTTP/1.1" 200 214
[28/Feb/2026 12:07:10] "GET /api/appointments/ HTTP/1.1" 200 417
[28/Feb/2026 12:07:10] "GET /api/appointments/?status=completed HTTP/1.1" 200 2
[28/Feb/2026 12:07:11] "GET /api/auth/doctors/ HTTP/1.1" 200 186
[28/Feb/2026 12:07:11] "GET /api/auth/patients/ HTTP/1.1" 200 180
[28/Feb/2026 12:07:11] "GET /api/schedule-slots/ HTTP/1.1" 200 214
[28/Feb/2026 12:07:11] "GET /api/appointments/ HTTP/1.1" 200 417
[28/Feb/2026 12:07:27] "GET /api/schedule-slots/ HTTP/1.1" 200 214
[28/Feb/2026 12:07:27] "GET /api/auth/patients/ HTTP/1.1" 200 180
[28/Feb/2026 12:07:27] "GET /api/auth/doctors/ HTTP/1.1" 200 186
[28/Feb/2026 12:07:27] "GET /api/appointments/ HTTP/1.1" 200 417
[28/Feb/2026 13:37:33] "OPTIONS /api/auth/patients/ HTTP/1.1" 200 0
[28/Feb/2026 13:37:33] "OPTIONS /api/auth/doctors/ HTTP/1.1" 200 0
[28/Feb/2026 13:37:33] "OPTIONS /api/appointments/ HTTP/1.1" 200 0
Unauthorized: /api/auth/doctors/
Unauthorized: /api/auth/patients/
Unauthorized: /api/appointments/
[28/Feb/2026 13:37:33] "GET /api/auth/patients/ HTTP/1.1" 401 171
[28/Feb/2026 13:37:33] "GET /api/auth/doctors/ HTTP/1.1" 401 171
[28/Feb/2026 13:37:33] "GET /api/appointments/ HTTP/1.1" 401 171
[28/Feb/2026 13:37:33] "POST /api/auth/refresh/ HTTP/1.1" 200 489
[28/Feb/2026 13:37:33] "POST /api/auth/refresh/ HTTP/1.1" 200 489
[28/Feb/2026 13:37:33] "GET /api/appointments/ HTTP/1.1" 200 417
[28/Feb/2026 13:37:33] "GET /api/auth/doctors/ HTTP/1.1" 200 186
[28/Feb/2026 13:37:33] "POST /api/auth/refresh/ HTTP/1.1" 200 489
[28/Feb/2026 13:37:33] "GET /api/auth/patients/ HTTP/1.1" 200 180
[28/Feb/2026 13:37:40] "GET /api/auth/doctors/ HTTP/1.1" 200 186
[28/Feb/2026 13:37:46] "GET /api/auth/patients/ HTTP/1.1" 200 180
[28/Feb/2026 13:37:48] "GET /api/auth/doctors/ HTTP/1.1" 200 186
[28/Feb/2026 13:37:49] "GET /api/auth/patients/ HTTP/1.1" 200 180
[28/Feb/2026 13:37:50] "OPTIONS /api/schedule-slots/ HTTP/1.1" 200 0
[28/Feb/2026 13:37:50] "GET /api/auth/doctors/ HTTP/1.1" 200 186
[28/Feb/2026 13:37:50] "GET /api/auth/patients/ HTTP/1.1" 200 180
[28/Feb/2026 13:37:50] "GET /api/schedule-slots/ HTTP/1.1" 200 214
[28/Feb/2026 13:37:50] "GET /api/appointments/ HTTP/1.1" 200 417
[28/Feb/2026 13:38:11] "GET /api/schedule-slots/ HTTP/1.1" 200 214
[28/Feb/2026 13:38:11] "GET /api/auth/doctors/ HTTP/1.1" 200 186
[28/Feb/2026 13:38:11] "GET /api/appointments/ HTTP/1.1" 200 417
[28/Feb/2026 13:38:11] "GET /api/auth/patients/ HTTP/1.1" 200 180
[28/Feb/2026 13:38:13] "GET /api/appointments/?status=completed HTTP/1.1" 200 2
[28/Feb/2026 13:38:16] "GET /api/auth/doctors/ HTTP/1.1" 200 186
[28/Feb/2026 13:38:16] "GET /api/schedule-slots/ HTTP/1.1" 200 214
[28/Feb/2026 13:38:16] "GET /api/appointments/ HTTP/1.1" 200 417
[28/Feb/2026 13:38:16] "GET /api/auth/patients/ HTTP/1.1" 200 180
[28/Feb/2026 13:38:37] "POST /api/appointments/ HTTP/1.1" 201 375
[28/Feb/2026 13:38:37] "GET /api/appointments/ HTTP/1.1" 200 793
[28/Feb/2026 13:38:45] "GET /api/appointments/?status=completed HTTP/1.1" 200 2
[28/Feb/2026 13:38:46] "GET /api/schedule-slots/ HTTP/1.1" 200 214
[28/Feb/2026 13:38:46] "GET /api/auth/doctors/ HTTP/1.1" 200 186
[28/Feb/2026 13:38:46] "GET /api/auth/patients/ HTTP/1.1" 200 180
[28/Feb/2026 13:38:46] "GET /api/appointments/ HTTP/1.1" 200 793
[28/Feb/2026 13:38:57] "POST /api/schedule-slots/ HTTP/1.1" 201 212
[28/Feb/2026 13:38:57] "POST /api/schedule-slots/ HTTP/1.1" 201 212
[28/Feb/2026 13:38:57] "GET /api/schedule-slots/ HTTP/1.1" 200 640
[28/Feb/2026 13:39:02] "GET /api/schedule-slots/ HTTP/1.1" 200 640
[28/Feb/2026 13:39:02] "GET /api/auth/patients/ HTTP/1.1" 200 180
[28/Feb/2026 13:39:02] "GET /api/auth/doctors/ HTTP/1.1" 200 186
[28/Feb/2026 13:39:02] "GET /api/appointments/ HTTP/1.1" 200 793
[28/Feb/2026 13:39:41] "GET /api/auth/doctors/ HTTP/1.1" 200 186
[28/Feb/2026 13:39:41] "GET /api/auth/patients/ HTTP/1.1" 200 180
[28/Feb/2026 13:39:41] "GET /api/schedule-slots/ HTTP/1.1" 200 640
[28/Feb/2026 13:39:41] "GET /api/appointments/ HTTP/1.1" 200 793
Bad Request: /api/appointments/
[28/Feb/2026 13:39:49] "POST /api/appointments/ HTTP/1.1" 400 72
/Users/qiurui/booking_demo/backend/appointments/serializers.py changed, reloading.
Watching for file changes with StatReloader
Performing system checks...

System check identified no issues (0 silenced).
February 28, 2026 - 13:41:27
Django version 4.2, using settings 'config.settings'
Starting development server at http://0.0.0.0:8000/
Quit the server with CONTROL-C.

/Users/qiurui/booking_demo/backend/users/serializers.py changed, reloading.
Watching for file changes with StatReloader
Performing system checks...

System check identified no issues (0 silenced).
February 28, 2026 - 13:56:33
Django version 4.2, using settings 'config.settings'
Starting development server at http://0.0.0.0:8000/
Quit the server with CONTROL-C.

/Users/qiurui/booking_demo/backend/users/views.py changed, reloading.
Watching for file changes with StatReloader
Performing system checks...

System check identified no issues (0 silenced).
February 28, 2026 - 14:35:13
Django version 4.2, using settings 'config.settings'
Starting development server at http://0.0.0.0:8000/
Quit the server with CONTROL-C.

/Users/qiurui/booking_demo/backend/users/views.py changed, reloading.
Watching for file changes with StatReloader
Performing system checks...

System check identified no issues (0 silenced).
February 28, 2026 - 14:35:24
Django version 4.2, using settings 'config.settings'
Starting development server at http://0.0.0.0:8000/
Quit the server with CONTROL-C.

/Users/qiurui/booking_demo/backend/users/serializers.py changed, reloading.
Watching for file changes with StatReloader
Performing system checks...

System check identified no issues (0 silenced).
February 28, 2026 - 14:35:58
Django version 4.2, using settings 'config.settings'
Starting development server at http://0.0.0.0:8000/
Quit the server with CONTROL-C.

/Users/qiurui/booking_demo/backend/users/serializers.py changed, reloading.
Watching for file changes with StatReloader
Performing system checks...

System check identified no issues (0 silenced).
February 28, 2026 - 14:36:08
Django version 4.2, using settings 'config.settings'
Starting development server at http://0.0.0.0:8000/
Quit the server with CONTROL-C.

/Users/qiurui/booking_demo/backend/users/serializers.py changed, reloading.
Watching for file changes with StatReloader
Performing system checks...

System check identified no issues (0 silenced).
February 28, 2026 - 14:37:41
Django version 4.2, using settings 'config.settings'
Starting development server at http://0.0.0.0:8000/
Quit the server with CONTROL-C.

/Users/qiurui/booking_demo/backend/appointments/views.py changed, reloading.
Watching for file changes with StatReloader
Performing system checks...

System check identified no issues (0 silenced).
February 28, 2026 - 14:48:54
Django version 4.2, using settings 'config.settings'
Starting development server at http://0.0.0.0:8000/
Quit the server with CONTROL-C.

/Users/qiurui/booking_demo/backend/appointments/views.py changed, reloading.
Watching for file changes with StatReloader
Performing system checks...

System check identified no issues (0 silenced).
February 28, 2026 - 14:53:55
Django version 4.2, using settings 'config.settings'
Starting development server at http://0.0.0.0:8000/
Quit the server with CONTROL-C.

/Users/qiurui/booking_demo/backend/users/serializers.py changed, reloading.
Watching for file changes with StatReloader
Performing system checks...

System check identified no issues (0 silenced).
February 28, 2026 - 17:51:46
Django version 4.2, using settings 'config.settings'
Starting development server at http://0.0.0.0:8000/
Quit the server with CONTROL-C.

/Users/qiurui/booking_demo/backend/users/serializers.py changed, reloading.
Watching for file changes with StatReloader
Performing system checks...

System check identified no issues (0 silenced).
February 28, 2026 - 17:52:23
Django version 4.2, using settings 'config.settings'
Starting development server at http://0.0.0.0:8000/
Quit the server with CONTROL-C.

/Users/qiurui/booking_demo/backend/users/views.py changed, reloading.
Watching for file changes with StatReloader
Performing system checks...

System check identified no issues (0 silenced).
February 28, 2026 - 17:52:53
Django version 4.2, using settings 'config.settings'
Starting development server at http://0.0.0.0:8000/
Quit the server with CONTROL-C.

/Users/qiurui/booking_demo/backend/users/views.py changed, reloading.
Watching for file changes with StatReloader
Performing system checks...

System check identified no issues (0 silenced).
February 28, 2026 - 17:53:06
Django version 4.2, using settings 'config.settings'
Starting development server at http://0.0.0.0:8000/
Quit the server with CONTROL-C.

/Users/qiurui/booking_demo/backend/users/views.py changed, reloading.
Watching for file changes with StatReloader
Performing system checks...

System check identified no issues (0 silenced).
February 28, 2026 - 17:53:23
Django version 4.2, using settings 'config.settings'
Starting development server at http://0.0.0.0:8000/
Quit the server with CONTROL-C.

/Users/qiurui/booking_demo/backend/users/views.py changed, reloading.
Watching for file changes with StatReloader
Performing system checks...

System check identified no issues (0 silenced).
February 28, 2026 - 17:54:00
Django version 4.2, using settings 'config.settings'
Starting development server at http://0.0.0.0:8000/
Quit the server with CONTROL-C.

/Users/qiurui/booking_demo/backend/users/urls.py changed, reloading.
Watching for file changes with StatReloader
Performing system checks...

System check identified no issues (0 silenced).
February 28, 2026 - 17:54:36
Django version 4.2, using settings 'config.settings'
Starting development server at http://0.0.0.0:8000/
Quit the server with CONTROL-C.

